exports[`Test MnNode test render node 1`] = `
<g>
  <rect />
</g>
`;
